[0.063s] [34mcolcon[0m [1;30mDEBUG[0m [32mCommand line arguments: ['/home/kalgaonp/anaconda3/envs/olins_ros/bin/colcon', 'build', '--symlink-install'][0m
[0.063s] [34mcolcon[0m [1;30mDEBUG[0m [32mParsed command line arguments: Namespace(log_base=None, log_level=None, verb_name='build', build_base='build', install_base='install', merge_install=False, symlink_install=True, test_result_base=None, continue_on_error=False, executor='parallel', parallel_workers=32, event_handlers=None, ignore_user_meta=False, metas=['./colcon.meta'], base_paths=['.'], packages_ignore=None, packages_ignore_regex=None, paths=None, packages_up_to=None, packages_up_to_regex=None, packages_above=None, packages_above_and_dependencies=None, packages_above_depth=None, packages_select_by_dep=None, packages_skip_by_dep=None, packages_skip_up_to=None, packages_select_build_failed=False, packages_skip_build_finished=False, packages_select_test_failures=False, packages_skip_test_passed=False, packages_select=None, packages_skip=None, packages_select_regex=None, packages_skip_regex=None, packages_start=None, packages_end=None, cmake_args=None, cmake_target=None, cmake_target_skip_unavailable=False, cmake_clean_cache=False, cmake_clean_first=False, cmake_force_configure=False, ament_cmake_args=None, catkin_cmake_args=None, catkin_skip_building_tests=False, mixin_files=None, mixin=None, verb_parser=<colcon_mixin.mixin.mixin_argument.MixinArgumentDecorator object at 0x7d6e1ad1f410>, verb_extension=<colcon_core.verb.build.BuildVerb object at 0x7d6e1af97c50>, main=<bound method BuildVerb.main of <colcon_core.verb.build.BuildVerb object at 0x7d6e1af97c50>>, mixin_verb=('build',))[0m
[0.079s] [34mcolcon.colcon_core.package_discovery[0m [1;30mLevel 1[0m discover_packages(colcon_meta) check parameters
[0.079s] [34mcolcon.colcon_core.package_discovery[0m [1;30mLevel 1[0m discover_packages(recursive) check parameters
[0.079s] [34mcolcon.colcon_core.package_discovery[0m [1;30mLevel 1[0m discover_packages(ignore) check parameters
[0.079s] [34mcolcon.colcon_core.package_discovery[0m [1;30mLevel 1[0m discover_packages(path) check parameters
[0.079s] [34mcolcon.colcon_core.package_discovery[0m [1;30mLevel 1[0m discover_packages(colcon_meta) discover
[0.079s] [34mcolcon.colcon_core.package_discovery[0m [1;30mLevel 1[0m discover_packages(recursive) discover
[0.079s] [34mcolcon.colcon_core.package_discovery[0m [1;30mINFO[0m Crawling recursively for packages in '/home/kalgaonp/vfh_adaptive'
[0.079s] [34mcolcon.colcon_core.package_identification[0m [1;30mLevel 1[0m _identify(.) by extensions ['ignore', 'ignore_ament_install']
[0.079s] [34mcolcon.colcon_core.package_identification[0m [1;30mLevel 1[0m _identify(.) by extension 'ignore'
[0.079s] [34mcolcon.colcon_core.package_identification[0m [1;30mLevel 1[0m _identify(.) by extension 'ignore_ament_install'
[0.080s] [34mcolcon.colcon_core.package_identification[0m [1;30mLevel 1[0m _identify(.) by extensions ['colcon_pkg']
[0.080s] [34mcolcon.colcon_core.package_identification[0m [1;30mLevel 1[0m _identify(.) by extension 'colcon_pkg'
[0.080s] [34mcolcon.colcon_core.package_identification[0m [1;30mLevel 1[0m _identify(.) by extensions ['colcon_meta']
[0.080s] [34mcolcon.colcon_core.package_identification[0m [1;30mLevel 1[0m _identify(.) by extension 'colcon_meta'
[0.080s] [34mcolcon.colcon_core.package_identification[0m [1;30mLevel 1[0m _identify(.) by extensions ['ros']
[0.080s] [34mcolcon.colcon_core.package_identification[0m [1;30mLevel 1[0m _identify(.) by extension 'ros'
[0.093s] [34mcolcon.colcon_core.package_identification[0m [1;30mLevel 1[0m _identify(.) by extensions ['cmake', 'python']
[0.093s] [34mcolcon.colcon_core.package_identification[0m [1;30mLevel 1[0m _identify(.) by extension 'cmake'
[0.093s] [34mcolcon.colcon_core.package_identification[0m [1;30mLevel 1[0m _identify(.) by extension 'python'
[0.093s] [34mcolcon.colcon_core.package_identification[0m [1;30mLevel 1[0m _identify(.) by extensions ['python_setup_py']
[0.093s] [34mcolcon.colcon_core.package_identification[0m [1;30mLevel 1[0m _identify(.) by extension 'python_setup_py'
[0.093s] [34mcolcon.colcon_core.package_identification[0m [1;30mLevel 1[0m _identify(build) by extensions ['ignore', 'ignore_ament_install']
[0.093s] [34mcolcon.colcon_core.package_identification[0m [1;30mLevel 1[0m _identify(build) by extension 'ignore'
[0.093s] [34mcolcon.colcon_core.package_identification[0m [1;30mLevel 1[0m _identify(build) ignored
[0.093s] [34mcolcon.colcon_core.package_identification[0m [1;30mLevel 1[0m _identify(install) by extensions ['ignore', 'ignore_ament_install']
[0.093s] [34mcolcon.colcon_core.package_identification[0m [1;30mLevel 1[0m _identify(install) by extension 'ignore'
[0.093s] [34mcolcon.colcon_core.package_identification[0m [1;30mLevel 1[0m _identify(install) ignored
[0.093s] [34mcolcon.colcon_core.package_identification[0m [1;30mLevel 1[0m _identify(log) by extensions ['ignore', 'ignore_ament_install']
[0.094s] [34mcolcon.colcon_core.package_identification[0m [1;30mLevel 1[0m _identify(log) by extension 'ignore'
[0.094s] [34mcolcon.colcon_core.package_identification[0m [1;30mLevel 1[0m _identify(log) ignored
[0.094s] [34mcolcon.colcon_core.package_identification[0m [1;30mLevel 1[0m _identify(src) by extensions ['ignore', 'ignore_ament_install']
[0.094s] [34mcolcon.colcon_core.package_identification[0m [1;30mLevel 1[0m _identify(src) by extension 'ignore'
[0.094s] [34mcolcon.colcon_core.package_identification[0m [1;30mLevel 1[0m _identify(src) by extension 'ignore_ament_install'
[0.094s] [34mcolcon.colcon_core.package_identification[0m [1;30mLevel 1[0m _identify(src) by extensions ['colcon_pkg']
[0.094s] [34mcolcon.colcon_core.package_identification[0m [1;30mLevel 1[0m _identify(src) by extension 'colcon_pkg'
[0.094s] [34mcolcon.colcon_core.package_identification[0m [1;30mLevel 1[0m _identify(src) by extensions ['colcon_meta']
[0.094s] [34mcolcon.colcon_core.package_identification[0m [1;30mLevel 1[0m _identify(src) by extension 'colcon_meta'
[0.094s] [34mcolcon.colcon_core.package_identification[0m [1;30mLevel 1[0m _identify(src) by extensions ['ros']
[0.094s] [34mcolcon.colcon_core.package_identification[0m [1;30mLevel 1[0m _identify(src) by extension 'ros'
[0.094s] [34mcolcon.colcon_core.package_identification[0m [1;30mLevel 1[0m _identify(src) by extensions ['cmake', 'python']
[0.094s] [34mcolcon.colcon_core.package_identification[0m [1;30mLevel 1[0m _identify(src) by extension 'cmake'
[0.094s] [34mcolcon.colcon_core.package_identification[0m [1;30mLevel 1[0m _identify(src) by extension 'python'
[0.094s] [34mcolcon.colcon_core.package_identification[0m [1;30mLevel 1[0m _identify(src) by extensions ['python_setup_py']
[0.094s] [34mcolcon.colcon_core.package_identification[0m [1;30mLevel 1[0m _identify(src) by extension 'python_setup_py'
[0.094s] [34mcolcon.colcon_core.package_identification[0m [1;30mLevel 1[0m _identify(src/thesis_test) by extensions ['ignore', 'ignore_ament_install']
[0.094s] [34mcolcon.colcon_core.package_identification[0m [1;30mLevel 1[0m _identify(src/thesis_test) by extension 'ignore'
[0.094s] [34mcolcon.colcon_core.package_identification[0m [1;30mLevel 1[0m _identify(src/thesis_test) by extension 'ignore_ament_install'
[0.094s] [34mcolcon.colcon_core.package_identification[0m [1;30mLevel 1[0m _identify(src/thesis_test) by extensions ['colcon_pkg']
[0.094s] [34mcolcon.colcon_core.package_identification[0m [1;30mLevel 1[0m _identify(src/thesis_test) by extension 'colcon_pkg'
[0.094s] [34mcolcon.colcon_core.package_identification[0m [1;30mLevel 1[0m _identify(src/thesis_test) by extensions ['colcon_meta']
[0.094s] [34mcolcon.colcon_core.package_identification[0m [1;30mLevel 1[0m _identify(src/thesis_test) by extension 'colcon_meta'
[0.094s] [34mcolcon.colcon_core.package_identification[0m [1;30mLevel 1[0m _identify(src/thesis_test) by extensions ['ros']
[0.094s] [34mcolcon.colcon_core.package_identification[0m [1;30mLevel 1[0m _identify(src/thesis_test) by extension 'ros'
[0.095s] [34mcolcon.colcon_core.package_identification[0m [1;30mDEBUG[0m [32mPackage 'src/thesis_test' with type 'ros.ament_python' and name 'thesis_test'[0m
[0.095s] [34mcolcon.colcon_core.package_discovery[0m [1;30mLevel 1[0m discover_packages(recursive) using defaults
[0.095s] [34mcolcon.colcon_core.package_discovery[0m [1;30mLevel 1[0m discover_packages(ignore) discover
[0.095s] [34mcolcon.colcon_core.package_discovery[0m [1;30mLevel 1[0m discover_packages(ignore) using defaults
[0.095s] [34mcolcon.colcon_core.package_discovery[0m [1;30mLevel 1[0m discover_packages(path) discover
[0.095s] [34mcolcon.colcon_core.package_discovery[0m [1;30mLevel 1[0m discover_packages(path) using defaults
[0.101s] [34mcolcon.colcon_core.verb[0m [1;30mLevel 5[0m set package 'thesis_test' build argument 'cmake_args' from command line to 'None'
[0.101s] [34mcolcon.colcon_core.verb[0m [1;30mLevel 5[0m set package 'thesis_test' build argument 'cmake_target' from command line to 'None'
[0.101s] [34mcolcon.colcon_core.verb[0m [1;30mLevel 5[0m set package 'thesis_test' build argument 'cmake_target_skip_unavailable' from command line to 'False'
[0.101s] [34mcolcon.colcon_core.verb[0m [1;30mLevel 5[0m set package 'thesis_test' build argument 'cmake_clean_cache' from command line to 'False'
[0.101s] [34mcolcon.colcon_core.verb[0m [1;30mLevel 5[0m set package 'thesis_test' build argument 'cmake_clean_first' from command line to 'False'
[0.101s] [34mcolcon.colcon_core.verb[0m [1;30mLevel 5[0m set package 'thesis_test' build argument 'cmake_force_configure' from command line to 'False'
[0.101s] [34mcolcon.colcon_core.verb[0m [1;30mLevel 5[0m set package 'thesis_test' build argument 'ament_cmake_args' from command line to 'None'
[0.101s] [34mcolcon.colcon_core.verb[0m [1;30mLevel 5[0m set package 'thesis_test' build argument 'catkin_cmake_args' from command line to 'None'
[0.101s] [34mcolcon.colcon_core.verb[0m [1;30mLevel 5[0m set package 'thesis_test' build argument 'catkin_skip_building_tests' from command line to 'False'
[0.101s] [34mcolcon.colcon_core.verb[0m [1;30mDEBUG[0m [32mBuilding package 'thesis_test' with the following arguments: {'ament_cmake_args': None, 'build_base': '/home/kalgaonp/vfh_adaptive/build/thesis_test', 'catkin_cmake_args': None, 'catkin_skip_building_tests': False, 'cmake_args': None, 'cmake_clean_cache': False, 'cmake_clean_first': False, 'cmake_force_configure': False, 'cmake_target': None, 'cmake_target_skip_unavailable': False, 'install_base': '/home/kalgaonp/vfh_adaptive/install/thesis_test', 'merge_install': False, 'path': '/home/kalgaonp/vfh_adaptive/src/thesis_test', 'symlink_install': True, 'test_result_base': None}[0m
[0.101s] [34mcolcon.colcon_core.executor[0m [1;30mINFO[0m Executing jobs using 'parallel' executor
[0.102s] [34mcolcon.colcon_parallel_executor.executor.parallel[0m [1;30mDEBUG[0m [32mrun_until_complete[0m
[0.102s] [34mcolcon.colcon_ros.task.ament_python.build[0m [1;30mINFO[0m Building ROS package in '/home/kalgaonp/vfh_adaptive/src/thesis_test' with build type 'ament_python'
[0.102s] [34mcolcon.colcon_core.shell[0m [1;30mLevel 1[0m create_environment_hook('thesis_test', 'ament_prefix_path')
[0.102s] [34mcolcon.colcon_core.plugin_system[0m [1;30mINFO[0m Skipping extension 'colcon_core.shell.bat': Not used on non-Windows systems
[0.103s] [34mcolcon.colcon_core.shell[0m [1;30mINFO[0m Creating environment hook '/home/kalgaonp/vfh_adaptive/install/thesis_test/share/thesis_test/hook/ament_prefix_path.ps1'
[0.103s] [34mcolcon.colcon_core.shell[0m [1;30mINFO[0m Creating environment descriptor '/home/kalgaonp/vfh_adaptive/install/thesis_test/share/thesis_test/hook/ament_prefix_path.dsv'
[0.103s] [34mcolcon.colcon_core.shell[0m [1;30mINFO[0m Creating environment hook '/home/kalgaonp/vfh_adaptive/install/thesis_test/share/thesis_test/hook/ament_prefix_path.sh'
[0.104s] [34mcolcon.colcon_core.shell[0m [1;30mINFO[0m Skip shell extension 'powershell' for command environment: Not usable outside of PowerShell
[0.104s] [34mcolcon.colcon_core.shell[0m [1;30mDEBUG[0m [32mSkip shell extension 'dsv' for command environment[0m
[0.205s] [34mcolcon.colcon_core.task.python.build[0m [1;30mINFO[0m Building Python package in '/home/kalgaonp/vfh_adaptive/src/thesis_test'
[0.205s] [34mcolcon.colcon_core.shell[0m [1;30mINFO[0m Skip shell extension 'powershell' for command environment: Not usable outside of PowerShell
[0.205s] [34mcolcon.colcon_core.shell[0m [1;30mDEBUG[0m [32mSkip shell extension 'dsv' for command environment[0m
[0.397s] [34mcolcon.colcon_core.event_handler.log_command[0m [1;30mDEBUG[0m [32mInvoking command in '/home/kalgaonp/vfh_adaptive/build/thesis_test': CONDA_PROMPT_MODIFIER=(olins_ros) DEBUGINFOD_URLS=https://debuginfod.ubuntu.com PYTHONPATH=/home/kalgaonp/vfh_adaptive/build/thesis_test/prefix_override:/home/kalgaonp/anaconda3/envs/olins_ros/lib/python3.12/site-packages/colcon_core/task/python/colcon_distutils_commands:/home/kalgaonp/vfh_adaptive/install/thesis_test/lib/python3.12/site-packages:${PYTHONPATH} /home/kalgaonp/anaconda3/envs/olins_ros/bin/python3.12 -W ignore:setup.py install is deprecated -W ignore:easy_install command is deprecated setup.py develop --editable --build-directory /home/kalgaonp/vfh_adaptive/build/thesis_test/build --no-deps symlink_data[0m
[0.607s] [34mcolcon.colcon_core.shell[0m [1;30mLevel 1[0m create_environment_hook('thesis_test', 'pythonpath_develop')
[0.607s] [34mcolcon.colcon_core.shell[0m [1;30mINFO[0m Creating environment hook '/home/kalgaonp/vfh_adaptive/build/thesis_test/share/thesis_test/hook/pythonpath_develop.ps1'
[0.607s] [34mcolcon.colcon_core.shell[0m [1;30mINFO[0m Creating environment descriptor '/home/kalgaonp/vfh_adaptive/build/thesis_test/share/thesis_test/hook/pythonpath_develop.dsv'
[0.607s] [34mcolcon.colcon_core.event_handler.log_command[0m [1;30mDEBUG[0m [32mInvoked command in '/home/kalgaonp/vfh_adaptive/build/thesis_test' returned '0': CONDA_PROMPT_MODIFIER=(olins_ros) DEBUGINFOD_URLS=https://debuginfod.ubuntu.com PYTHONPATH=/home/kalgaonp/vfh_adaptive/build/thesis_test/prefix_override:/home/kalgaonp/anaconda3/envs/olins_ros/lib/python3.12/site-packages/colcon_core/task/python/colcon_distutils_commands:/home/kalgaonp/vfh_adaptive/install/thesis_test/lib/python3.12/site-packages:${PYTHONPATH} /home/kalgaonp/anaconda3/envs/olins_ros/bin/python3.12 -W ignore:setup.py install is deprecated -W ignore:easy_install command is deprecated setup.py develop --editable --build-directory /home/kalgaonp/vfh_adaptive/build/thesis_test/build --no-deps symlink_data[0m
[0.608s] [34mcolcon.colcon_core.shell[0m [1;30mINFO[0m Creating environment hook '/home/kalgaonp/vfh_adaptive/build/thesis_test/share/thesis_test/hook/pythonpath_develop.sh'
[0.611s] [34mcolcon.colcon_core.environment[0m [1;30mLevel 1[0m checking '/home/kalgaonp/vfh_adaptive/install/thesis_test' for CMake module files
[0.611s] [34mcolcon.colcon_core.environment[0m [1;30mLevel 1[0m checking '/home/kalgaonp/vfh_adaptive/install/thesis_test' for CMake config files
[0.612s] [34mcolcon.colcon_core.environment[0m [1;30mLevel 1[0m checking '/home/kalgaonp/vfh_adaptive/install/thesis_test/lib'
[0.612s] [34mcolcon.colcon_core.environment[0m [1;30mLevel 1[0m checking '/home/kalgaonp/vfh_adaptive/install/thesis_test/bin'
[0.612s] [34mcolcon.colcon_core.environment[0m [1;30mLevel 1[0m checking '/home/kalgaonp/vfh_adaptive/install/thesis_test/lib/pkgconfig/thesis_test.pc'
[0.612s] [34mcolcon.colcon_core.environment[0m [1;30mLevel 1[0m checking '/home/kalgaonp/vfh_adaptive/install/thesis_test/lib/python3.12/site-packages'
[0.612s] [34mcolcon.colcon_core.shell[0m [1;30mLevel 1[0m create_environment_hook('thesis_test', 'pythonpath')
[0.612s] [34mcolcon.colcon_core.shell[0m [1;30mINFO[0m Creating environment hook '/home/kalgaonp/vfh_adaptive/install/thesis_test/share/thesis_test/hook/pythonpath.ps1'
[0.612s] [34mcolcon.colcon_core.shell[0m [1;30mINFO[0m Creating environment descriptor '/home/kalgaonp/vfh_adaptive/install/thesis_test/share/thesis_test/hook/pythonpath.dsv'
[0.612s] [34mcolcon.colcon_core.shell[0m [1;30mINFO[0m Creating environment hook '/home/kalgaonp/vfh_adaptive/install/thesis_test/share/thesis_test/hook/pythonpath.sh'
[0.613s] [34mcolcon.colcon_core.environment[0m [1;30mLevel 1[0m checking '/home/kalgaonp/vfh_adaptive/install/thesis_test/bin'
[0.613s] [34mcolcon.colcon_core.environment[0m [1;30mLevel 1[0m create_environment_scripts_only(thesis_test)
[0.613s] [34mcolcon.colcon_core.shell[0m [1;30mINFO[0m Creating package script '/home/kalgaonp/vfh_adaptive/install/thesis_test/share/thesis_test/package.ps1'
[0.614s] [34mcolcon.colcon_core.shell[0m [1;30mINFO[0m Creating package descriptor '/home/kalgaonp/vfh_adaptive/install/thesis_test/share/thesis_test/package.dsv'
[0.614s] [34mcolcon.colcon_core.shell[0m [1;30mINFO[0m Creating package script '/home/kalgaonp/vfh_adaptive/install/thesis_test/share/thesis_test/package.sh'
[0.615s] [34mcolcon.colcon_core.shell[0m [1;30mINFO[0m Creating package script '/home/kalgaonp/vfh_adaptive/install/thesis_test/share/thesis_test/package.bash'
[0.615s] [34mcolcon.colcon_core.shell[0m [1;30mINFO[0m Creating package script '/home/kalgaonp/vfh_adaptive/install/thesis_test/share/thesis_test/package.zsh'
[0.616s] [34mcolcon.colcon_core.environment[0m [1;30mLevel 1[0m create_file_with_runtime_dependencies(/home/kalgaonp/vfh_adaptive/install/thesis_test/share/colcon-core/packages/thesis_test)
[0.616s] [34mcolcon.colcon_parallel_executor.executor.parallel[0m [1;30mDEBUG[0m [32mclosing loop[0m
[0.616s] [34mcolcon.colcon_parallel_executor.executor.parallel[0m [1;30mDEBUG[0m [32mloop closed[0m
[0.616s] [34mcolcon.colcon_parallel_executor.executor.parallel[0m [1;30mDEBUG[0m [32mrun_until_complete finished with '0'[0m
[0.616s] [34mcolcon.colcon_core.event_reactor[0m [1;30mDEBUG[0m [32mjoining thread[0m
[0.617s] [34mcolcon.colcon_core.event_reactor[0m [1;30mDEBUG[0m [32mjoined thread[0m
[0.617s] [34mcolcon.colcon_core.shell[0m [1;30mINFO[0m Creating prefix script '/home/kalgaonp/vfh_adaptive/install/local_setup.ps1'
[0.617s] [34mcolcon.colcon_core.shell[0m [1;30mINFO[0m Creating prefix util module '/home/kalgaonp/vfh_adaptive/install/_local_setup_util_ps1.py'
[0.618s] [34mcolcon.colcon_core.shell[0m [1;30mINFO[0m Creating prefix chain script '/home/kalgaonp/vfh_adaptive/install/setup.ps1'
[0.618s] [34mcolcon.colcon_core.shell[0m [1;30mINFO[0m Creating prefix script '/home/kalgaonp/vfh_adaptive/install/local_setup.sh'
[0.618s] [34mcolcon.colcon_core.shell[0m [1;30mINFO[0m Creating prefix util module '/home/kalgaonp/vfh_adaptive/install/_local_setup_util_sh.py'
[0.619s] [34mcolcon.colcon_core.shell[0m [1;30mINFO[0m Creating prefix chain script '/home/kalgaonp/vfh_adaptive/install/setup.sh'
[0.619s] [34mcolcon.colcon_core.shell[0m [1;30mINFO[0m Creating prefix script '/home/kalgaonp/vfh_adaptive/install/local_setup.bash'
[0.619s] [34mcolcon.colcon_core.shell[0m [1;30mINFO[0m Creating prefix chain script '/home/kalgaonp/vfh_adaptive/install/setup.bash'
[0.620s] [34mcolcon.colcon_core.shell[0m [1;30mINFO[0m Creating prefix script '/home/kalgaonp/vfh_adaptive/install/local_setup.zsh'
[0.620s] [34mcolcon.colcon_core.shell[0m [1;30mINFO[0m Creating prefix chain script '/home/kalgaonp/vfh_adaptive/install/setup.zsh'
